// Jest Snapshot v1, https://goo.gl/fbAQLP

exports[`matches snapshot 1`] = `
<DocumentFragment>
  <div
    class="App"
  >
    <nav
      class="css-pp3ir5"
    >
      <div
        class="css-15csu07"
      >
        <a
          aria-current="page"
          class="active"
          href="/"
        >
          <span
            class="css-1itunob"
            color="blue"
          >
            <svg
              aria-hidden="true"
              class="svg-inline--fa fa-microblog fa-w-14 fa-2x "
              data-icon="microblog"
              data-prefix="fab"
              focusable="false"
              role="img"
              viewBox="0 0 448 512"
              xmlns="http://www.w3.org/2000/svg"
            >
              <path
                d="M399.36,362.23c29.49-34.69,47.1-78.34,47.1-125.79C446.46,123.49,346.86,32,224,32S1.54,123.49,1.54,236.44,101.14,440.87,224,440.87a239.28,239.28,0,0,0,79.44-13.44,7.18,7.18,0,0,1,8.12,2.56c18.58,25.09,47.61,42.74,79.89,49.92a4.42,4.42,0,0,0,5.22-3.43,4.37,4.37,0,0,0-.85-3.62,87,87,0,0,1,3.69-110.69ZM329.52,212.4l-57.3,43.49L293,324.75a6.5,6.5,0,0,1-9.94,7.22L224,290.92,164.94,332a6.51,6.51,0,0,1-9.95-7.22l20.79-68.86-57.3-43.49a6.5,6.5,0,0,1,3.8-11.68l71.88-1.51,23.66-67.92a6.5,6.5,0,0,1,12.28,0l23.66,67.92,71.88,1.51a6.5,6.5,0,0,1,3.88,11.68Z"
                fill="currentColor"
              />
            </svg>
            <p>
              Jobly
            </p>
          </span>
        </a>
        <ul
          class="css-1962wa8"
        >
          <span
            class="css-pidk5p"
          >
            <svg
              aria-hidden="true"
              class="svg-inline--fa fa-bars fa-w-14 fa-2x "
              data-icon="bars"
              data-prefix="fas"
              focusable="false"
              role="img"
              viewBox="0 0 448 512"
              xmlns="http://www.w3.org/2000/svg"
            >
              <path
                d="M16 132h416c8.837 0 16-7.163 16-16V76c0-8.837-7.163-16-16-16H16C7.163 60 0 67.163 0 76v40c0 8.837 7.163 16 16 16zm0 160h416c8.837 0 16-7.163 16-16v-40c0-8.837-7.163-16-16-16H16c-8.837 0-16 7.163-16 16v40c0 8.837 7.163 16 16 16zm0 160h416c8.837 0 16-7.163 16-16v-40c0-8.837-7.163-16-16-16H16c-8.837 0-16 7.163-16 16v40c0 8.837 7.163 16 16 16z"
                fill="currentColor"
              />
            </svg>
          </span>
          <li>
            <a
              href="/login"
            >
              Log In
            </a>
          </li>
          <li>
            <a
              href="/signup"
            >
              Sign Up
            </a>
          </li>
        </ul>
      </div>
    </nav>
    <div
      class="css-ioutv6"
      display="flex"
    >
      <img
        class="css-106gtww"
        size="280"
        src="home_hero_img.svg"
      />
      <div
        class="css-1numv7f"
      >
        <h1
          class="css-cyue6k"
        >
          Apply to the best jobs with Jobly
        </h1>
        <h1
          class="css-14exbet"
        >
          Find and apply privately with one-click applications. See salary and equity upfront.
        </h1>
        <a
          class="css-1dyiqdp"
          href="/login"
        >
          Find Jobs Now
        </a>
      </div>
    </div>
    <div
      class="css-1lsrw2z"
    >
      <p
        class="css-1s86eya"
      >
        Jobly is a demo site, not a real job site (hopefully I fooled you).
      </p>
      <p
        class="css-1s86eya"
      >
        Coded using React and Express with @emotion/styled. Jobly is responsive and designed mobile-first.
      </p>
    </div>
  </div>
</DocumentFragment>
`;
